[    0.000000] Linux version 4.15.0-55-generic (buildd@lcy01-amd64-029) (gcc version 7.4.0 (Ubuntu 7.4.0-1ubuntu1~18.04.1)) #60-Ubuntu SMP Tue Jul 2 18:22:20 UTC 2019 (Ubuntu 4.15.0-55.60-generic 4.15.18)
[    0.000000] Command line: BOOT_IMAGE=/boot/vmlinuz-4.15.0-55-generic root=LABEL=cloudimg-rootfs ro console=tty1 console=ttyS0
[    0.000000] KERNEL supported cpus:
[    0.000000]   Intel GenuineIntel
[    0.000000]   AMD AuthenticAMD
[    0.000000]   Centaur CentaurHauls
[    0.000000] x86/fpu: Supporting XSAVE feature 0x001: 'x87 floating point registers'
[    0.000000] x86/fpu: Supporting XSAVE feature 0x002: 'SSE registers'
[    0.000000] x86/fpu: Supporting XSAVE feature 0x004: 'AVX registers'
[    0.000000] x86/fpu: xstate_offset[2]:  576, xstate_sizes[2]:  256
[    0.000000] x86/fpu: Enabled xstate features 0x7, context size is 832 bytes, using 'standard' format.
[    0.000000] e820: BIOS-provided physical RAM map:
[    0.000000] BIOS-e820: [mem 0x0000000000000000-0x000000000009fbff] usable
[    0.000000] BIOS-e820: [mem 0x000000000009fc00-0x000000000009ffff] reserved
[    0.000000] BIOS-e820: [mem 0x00000000000f0000-0x00000000000fffff] reserved
[    0.000000] BIOS-e820: [mem 0x0000000000100000-0x000000003ffeffff] usable
[    0.000000] BIOS-e820: [mem 0x000000003fff0000-0x000000003fffffff] ACPI data
[    0.000000] BIOS-e820: [mem 0x00000000fec00000-0x00000000fec00fff] reserved
[    0.000000] BIOS-e820: [mem 0x00000000fee00000-0x00000000fee00fff] reserved
[    0.000000] BIOS-e820: [mem 0x00000000fffc0000-0x00000000ffffffff] reserved
[    0.000000] NX (Execute Disable) protection: active
[    0.000000] SMBIOS 2.5 present.
[    0.000000] DMI: innotek GmbH VirtualBox/VirtualBox, BIOS VirtualBox 12/01/2006
[    0.000000] Hypervisor detected: KVM
[    0.000000] e820: last_pfn = 0x3fff0 max_arch_pfn = 0x400000000
[    0.000000] MTRR: Disabled
[    0.000000] x86/PAT: MTRRs disabled, skipping PAT initialization too.
[    0.000000] CPU MTRRs all blank - virtualized system.
[    0.000000] x86/PAT: Configuration [0-7]: WB  WT  UC- UC  WB  WT  UC- UC  
[    0.000000] found SMP MP-table at [mem 0x0009fff0-0x0009ffff] mapped at [        (ptrval)]
[    0.000000] Scanning 1 areas for low memory corruption
[    0.000000] RAMDISK: [mem 0x35a93000-0x36d40fff]
[    0.000000] ACPI: Early table checksum verification disabled
[    0.000000] ACPI: RSDP 0x00000000000E0000 000024 (v02 VBOX  )
[    0.000000] ACPI: XSDT 0x000000003FFF0030 00003C (v01 VBOX   VBOXXSDT 00000001 ASL  00000061)
[    0.000000] ACPI: FACP 0x000000003FFF00F0 0000F4 (v04 VBOX   VBOXFACP 00000001 ASL  00000061)
[    0.000000] ACPI: DSDT 0x000000003FFF0470 0022EA (v02 VBOX   VBOXBIOS 00000002 INTL 20100528)
[    0.000000] ACPI: FACS 0x000000003FFF0200 000040
[    0.000000] ACPI: FACS 0x000000003FFF0200 000040
[    0.000000] ACPI: APIC 0x000000003FFF0240 00005C (v02 VBOX   VBOXAPIC 00000001 ASL  00000061)
[    0.000000] ACPI: SSDT 0x000000003FFF02A0 0001CC (v01 VBOX   VBOXCPUT 00000002 INTL 20100528)
[    0.000000] No NUMA configuration found
[    0.000000] Faking a node at [mem 0x0000000000000000-0x000000003ffeffff]
[    0.000000] NODE_DATA(0) allocated [mem 0x3ffc5000-0x3ffeffff]
[    0.000000] kvm-clock: cpu 0, msr 0:3ff44001, primary cpu clock
[    0.000000] kvm-clock: Using msrs 4b564d01 and 4b564d00
[    0.000000] kvm-clock: using sched offset of 4006485352 cycles
[    0.000000] clocksource: kvm-clock: mask: 0xffffffffffffffff max_cycles: 0x1cd42e4dffb, max_idle_ns: 881590591483 ns
[    0.000000] Zone ranges:
[    0.000000]   DMA      [mem 0x0000000000001000-0x0000000000ffffff]
[    0.000000]   DMA32    [mem 0x0000000001000000-0x000000003ffeffff]
[    0.000000]   Normal   empty
[    0.000000]   Device   empty
[    0.000000] Movable zone start for each node
[    0.000000] Early memory node ranges
[    0.000000]   node   0: [mem 0x0000000000001000-0x000000000009efff]
[    0.000000]   node   0: [mem 0x0000000000100000-0x000000003ffeffff]
[    0.000000] Reserved but unavailable: 114 pages
[    0.000000] Initmem setup node 0 [mem 0x0000000000001000-0x000000003ffeffff]
[    0.000000] ACPI: PM-Timer IO Port: 0x4008
[    0.000000] IOAPIC[0]: apic_id 2, version 32, address 0xfec00000, GSI 0-23
[    0.000000] ACPI: INT_SRC_OVR (bus 0 bus_irq 0 global_irq 2 dfl dfl)
[    0.000000] ACPI: INT_SRC_OVR (bus 0 bus_irq 9 global_irq 9 low level)
[    0.000000] Using ACPI (MADT) for SMP configuration information
[    0.000000] smpboot: Allowing 2 CPUs, 0 hotplug CPUs
[    0.000000] PM: Registered nosave memory: [mem 0x00000000-0x00000fff]
[    0.000000] PM: Registered nosave memory: [mem 0x0009f000-0x0009ffff]
[    0.000000] PM: Registered nosave memory: [mem 0x000a0000-0x000effff]
[    0.000000] PM: Registered nosave memory: [mem 0x000f0000-0x000fffff]
[    0.000000] e820: [mem 0x40000000-0xfebfffff] available for PCI devices
[    0.000000] Booting paravirtualized kernel on KVM
[    0.000000] clocksource: refined-jiffies: mask: 0xffffffff max_cycles: 0xffffffff, max_idle_ns: 7645519600211568 ns
[    0.000000] random: get_random_bytes called from start_kernel+0x99/0x4fd with crng_init=0
[    0.000000] setup_percpu: NR_CPUS:8192 nr_cpumask_bits:2 nr_cpu_ids:2 nr_node_ids:1
[    0.000000] percpu: Embedded 46 pages/cpu @        (ptrval) s151552 r8192 d28672 u1048576
[    0.000000] PV qspinlock hash table entries: 256 (order: 0, 4096 bytes)
[    0.000000] Built 1 zonelists, mobility grouping on.  Total pages: 257913
[    0.000000] Policy zone: DMA32
[    0.000000] Kernel command line: BOOT_IMAGE=/boot/vmlinuz-4.15.0-55-generic root=LABEL=cloudimg-rootfs ro console=tty1 console=ttyS0
[    0.000000] Memory: 983456K/1048120K available (12300K kernel code, 2473K rwdata, 4276K rodata, 2408K init, 2416K bss, 64664K reserved, 0K cma-reserved)
[    0.000000] SLUB: HWalign=64, Order=0-3, MinObjects=0, CPUs=2, Nodes=1
[    0.000000] Kernel/User page tables isolation: enabled
[    0.000000] ftrace: allocating 39219 entries in 154 pages
[    0.004000] Hierarchical RCU implementation.
[    0.004000] 	RCU restricting CPUs from NR_CPUS=8192 to nr_cpu_ids=2.
[    0.004000] 	Tasks RCU enabled.
[    0.004000] RCU: Adjusting geometry for rcu_fanout_leaf=16, nr_cpu_ids=2
[    0.004000] NR_IRQS: 524544, nr_irqs: 440, preallocated irqs: 16
[    0.004000] Console: colour VGA+ 80x25
[    0.004000] console [tty1] enabled
[    0.004000] console [ttyS0] enabled
[    0.004000] ACPI: Core revision 20170831
[    0.004000] ACPI: 2 ACPI AML tables successfully acquired and loaded
[    0.004000] APIC: Switch to symmetric I/O mode setup
[    0.004000] x2apic enabled
[    0.004000] Switched APIC routing to physical x2apic.
[    0.004000] ..TIMER: vector=0x30 apic1=0 pin1=2 apic2=-1 pin2=-1
[    0.004003] tsc: Detected 2303.998 MHz processor
[    0.005196] Calibrating delay loop (skipped) preset value.. 4607.99 BogoMIPS (lpj=9215992)
[    0.008004] pid_max: default: 32768 minimum: 301
[    0.008965] Security Framework initialized
[    0.012003] Yama: becoming mindful.
[    0.012978] AppArmor: AppArmor initialized
[    0.015703] Dentry cache hash table entries: 131072 (order: 8, 1048576 bytes)
[    0.016066] Inode-cache hash table entries: 65536 (order: 7, 524288 bytes)
[    0.017832] Mount-cache hash table entries: 2048 (order: 2, 16384 bytes)
[    0.020004] Mountpoint-cache hash table entries: 2048 (order: 2, 16384 bytes)
[    0.021643] mce: CPU supports 0 MCE banks
[    0.024017] Last level iTLB entries: 4KB 64, 2MB 8, 4MB 8
[    0.025274] Last level dTLB entries: 4KB 64, 2MB 0, 4MB 0, 1GB 4
[    0.026442] Spectre V2 : Mitigation: Full generic retpoline
[    0.028001] Spectre V2 : Spectre v2 / SpectreRSB mitigation: Filling RSB on context switch
[    0.030376] Speculative Store Bypass: Vulnerable
[    0.032045] MDS: Mitigation: Clear CPU buffers
[    0.033409] Freeing SMP alternatives memory: 36K
[    0.036000] smpboot: CPU0: Intel(R) Core(TM) i5-7360U CPU @ 2.30GHz (family: 0x6, model: 0x8e, stepping: 0x9)
[    0.036000] Performance Events: unsupported p6 CPU model 142 no PMU driver, software events only.
[    0.036037] Hierarchical SRCU implementation.
[    0.037970] NMI watchdog: Perf event create on CPU 0 failed with -2
[    0.040004] NMI watchdog: Perf NMI watchdog permanently disabled
[    0.041624] smp: Bringing up secondary CPUs ...
[    0.044069] x86: Booting SMP configuration:
[    0.045259] .... node  #0, CPUs:      #1
[    0.004000] kvm-clock: cpu 1, msr 0:3ff44041, secondary cpu clock
[    0.004000] mce: CPU supports 0 MCE banks
[    0.052019] smp: Brought up 1 node, 2 CPUs
[    0.053434] smpboot: Max logical packages: 1
[    0.054554] smpboot: Total of 2 processors activated (9215.99 BogoMIPS)
[    0.056116] devtmpfs: initialized
[    0.057124] x86/mm: Memory block size: 128MB
[    0.058107] evm: security.selinux
[    0.059032] evm: security.SMACK64
[    0.060004] evm: security.SMACK64EXEC
[    0.060767] evm: security.SMACK64TRANSMUTE
[    0.061608] evm: security.SMACK64MMAP
[    0.062392] evm: security.apparmor
[    0.063121] evm: security.ima
[    0.064002] evm: security.capability
[    0.065029] clocksource: jiffies: mask: 0xffffffff max_cycles: 0xffffffff, max_idle_ns: 7645041785100000 ns
[    0.066376] futex hash table entries: 512 (order: 3, 32768 bytes)
[    0.068053] pinctrl core: initialized pinctrl subsystem
[    0.070748] RTC time:  9:16:47, date: 08/19/19
[    0.072151] NET: Registered protocol family 16
[    0.073259] audit: initializing netlink subsys (disabled)
[    0.076030] audit: type=2000 audit(1566206213.022:1): state=initialized audit_enabled=0 res=1
[    0.078102] cpuidle: using governor ladder
[    0.078102] cpuidle: using governor menu
[    0.080081] ACPI: bus type PCI registered
[    0.081173] acpiphp: ACPI Hot Plug PCI Controller Driver version: 0.5
[    0.082958] PCI: Using configuration type 1 for base access
[    0.084836] HugeTLB registered 2.00 MiB page size, pre-allocated 0 pages
[    0.088136] ACPI: Added _OSI(Module Device)
[    0.089427] ACPI: Added _OSI(Processor Device)
[    0.090558] ACPI: Added _OSI(3.0 _SCP Extensions)
[    0.092004] ACPI: Added _OSI(Processor Aggregator Device)
[    0.093364] ACPI: Added _OSI(Linux-Dell-Video)
[    0.094838] ACPI: Added _OSI(Linux-Lenovo-NV-HDMI-Audio)
[    0.096003] ACPI: Added _OSI(Linux-HPI-Hybrid-Graphics)
[    0.097892] ACPI: Executed 1 blocks of module-level executable AML code
[    0.104167] ACPI: Interpreter enabled
[    0.105725] ACPI: (supports S0 S5)
[    0.106680] ACPI: Using IOAPIC for interrupt routing
[    0.108234] PCI: Using host bridge windows from ACPI; if necessary, use "pci=nocrs" and report a bug
[    0.112219] ACPI: Enabled 2 GPEs in block 00 to 07
[    0.120355] ACPI: PCI Root Bridge [PCI0] (domain 0000 [bus 00-ff])
[    0.122369] acpi PNP0A03:00: _OSC: OS supports [ASPM ClockPM Segments MSI]
[    0.124000] acpi PNP0A03:00: _OSC: not requesting OS control; OS requires [ExtendedConfig ASPM ClockPM MSI]
[    0.124011] acpi PNP0A03:00: fail to add MMCONFIG information, can't access extended PCI configuration space under this bridge.
[    0.128441] PCI host bridge to bus 0000:00
[    0.129748] pci_bus 0000:00: root bus resource [io  0x0000-0x0cf7 window]
[    0.132004] pci_bus 0000:00: root bus resource [io  0x0d00-0xffff window]
[    0.133538] pci_bus 0000:00: root bus resource [mem 0x000a0000-0x000bffff window]
[    0.135272] pci_bus 0000:00: root bus resource [mem 0x40000000-0xfdffffff window]
[    0.136004] pci_bus 0000:00: root bus resource [bus 00-ff]
[    0.142006] pci 0000:00:01.1: legacy IDE quirk: reg 0x10: [io  0x01f0-0x01f7]
[    0.144007] pci 0000:00:01.1: legacy IDE quirk: reg 0x14: [io  0x03f6]
[    0.146383] pci 0000:00:01.1: legacy IDE quirk: reg 0x18: [io  0x0170-0x0177]
[    0.148004] pci 0000:00:01.1: legacy IDE quirk: reg 0x1c: [io  0x0376]
[    0.165479] pci 0000:00:07.0: quirk: [io  0x4000-0x403f] claimed by PIIX4 ACPI
[    0.167518] pci 0000:00:07.0: quirk: [io  0x4100-0x410f] claimed by PIIX4 SMB
[    0.175474] ACPI: PCI Interrupt Link [LNKA] (IRQs 5 9 10 *11)
[    0.176305] ACPI: PCI Interrupt Link [LNKB] (IRQs 5 9 *10 11)
[    0.178016] ACPI: PCI Interrupt Link [LNKC] (IRQs 5 *9 10 11)
[    0.180139] ACPI: PCI Interrupt Link [LNKD] (IRQs 5 9 10 *11)
[    0.182251] SCSI subsystem initialized
[    0.183081] pci 0000:00:02.0: vgaarb: setting as boot VGA device
[    0.183081] pci 0000:00:02.0: vgaarb: VGA device added: decodes=io+mem,owns=io+mem,locks=none
[    0.184014] pci 0000:00:02.0: vgaarb: bridge control possible
[    0.188002] vgaarb: loaded
[    0.188617] ACPI: bus type USB registered
[    0.189825] usbcore: registered new interface driver usbfs
[    0.192026] usbcore: registered new interface driver hub
[    0.193849] usbcore: registered new device driver usb
[    0.194970] EDAC MC: Ver: 3.0.0
[    0.196316] PCI: Using ACPI for IRQ routing
[    0.198444] NetLabel: Initializing
[    0.199400] NetLabel:  domain hash size = 128
[    0.200003] NetLabel:  protocols = UNLABELED CIPSOv4 CALIPSO
[    0.201873] NetLabel:  unlabeled traffic allowed by default
[    0.204306] clocksource: Switched to clocksource kvm-clock
[    0.229815] VFS: Disk quotas dquot_6.6.0
[    0.231441] VFS: Dquot-cache hash table entries: 512 (order 0, 4096 bytes)
[    0.234484] AppArmor: AppArmor Filesystem Enabled
[    0.236663] pnp: PnP ACPI init
[    0.241045] pnp: PnP ACPI: found 3 devices
[    0.258169] clocksource: acpi_pm: mask: 0xffffff max_cycles: 0xffffff, max_idle_ns: 2085701024 ns
[    0.262021] NET: Registered protocol family 2
[    0.265183] TCP established hash table entries: 8192 (order: 4, 65536 bytes)
[    0.267207] TCP bind hash table entries: 8192 (order: 5, 131072 bytes)
[    0.269493] TCP: Hash tables configured (established 8192 bind 8192)
[    0.271288] UDP hash table entries: 512 (order: 2, 16384 bytes)
[    0.273598] UDP-Lite hash table entries: 512 (order: 2, 16384 bytes)
[    0.275327] NET: Registered protocol family 1
[    0.276653] pci 0000:00:00.0: Limiting direct PCI/PCI transfers
[    0.278561] pci 0000:00:01.0: Activating ISA DMA hang workarounds
[    0.279858] pci 0000:00:02.0: Video device with shadowed ROM at [mem 0x000c0000-0x000dffff]
[    0.281729] Unpacking initramfs...
[    0.553987] Freeing initrd memory: 19128K
[    0.555348] clocksource: tsc: mask: 0xffffffffffffffff max_cycles: 0x2135f5e6f15, max_idle_ns: 440795231538 ns
[    0.558307] platform rtc_cmos: registered platform RTC device (no PNP device found)
[    0.559842] Scanning for low memory corruption every 60 seconds
[    0.561737] Initialise system trusted keyrings
[    0.563104] Key type blacklist registered
[    0.564543] workingset: timestamp_bits=36 max_order=18 bucket_order=0
[    0.566579] zbud: loaded
[    0.567550] squashfs: version 4.0 (2009/01/31) Phillip Lougher
[    0.569365] fuse init (API version 7.26)
[    0.572667] Key type asymmetric registered
[    0.573642] Asymmetric key parser 'x509' registered
[    0.575156] Block layer SCSI generic (bsg) driver version 0.4 loaded (major 246)
[    0.576822] io scheduler noop registered
[    0.577629] io scheduler deadline registered
[    0.578511] io scheduler cfq registered (default)
[    0.580258] ACPI: AC Adapter [AC] (on-line)
[    0.581508] input: Power Button as /devices/LNXSYSTM:00/LNXPWRBN:00/input/input0
[    0.583317] ACPI: Power Button [PWRF]
[    0.584538] input: Sleep Button as /devices/LNXSYSTM:00/LNXSLPBN:00/input/input1
[    0.586386] ACPI: Sleep Button [SLPF]
[    0.588980] ACPI: Battery Slot [BAT0] (battery present)
[    0.590615] Serial: 8250/16550 driver, 32 ports, IRQ sharing enabled
[    0.613345] 00:02: ttyS0 at I/O 0x3f8 (irq = 4, base_baud = 115200) is a 16550A
[    0.617568] Linux agpgart interface v0.103
[    0.619989] loop: module loaded
[    0.621377] scsi host0: ata_piix
[    0.622370] scsi host1: ata_piix
[    0.623277] ata1: PATA max UDMA/33 cmd 0x1f0 ctl 0x3f6 bmdma 0xd000 irq 14
[    0.625495] ata2: PATA max UDMA/33 cmd 0x170 ctl 0x376 bmdma 0xd008 irq 15
[    0.627658] libphy: Fixed MDIO Bus: probed
[    0.628578] tun: Universal TUN/TAP device driver, 1.6
[    0.629661] PPP generic driver version 2.4.2
[    0.631005] ehci_hcd: USB 2.0 'Enhanced' Host Controller (EHCI) Driver
[    0.632416] ehci-pci: EHCI PCI platform driver
[    0.634166] ehci-platform: EHCI generic platform driver
[    0.635567] ohci_hcd: USB 1.1 'Open' Host Controller (OHCI) Driver
[    0.636913] ohci-pci: OHCI PCI platform driver
[    0.638342] ohci-platform: OHCI generic platform driver
[    0.639861] uhci_hcd: USB Universal Host Controller Interface driver
[    0.643160] i8042: PNP: PS/2 Controller [PNP0303:PS2K,PNP0f03:PS2M] at 0x60,0x64 irq 1,12
[    0.645958] serio: i8042 KBD port at 0x60,0x64 irq 1
[    0.647063] serio: i8042 AUX port at 0x60,0x64 irq 12
[    0.648537] mousedev: PS/2 mouse device common for all mice
[    0.651109] rtc_cmos rtc_cmos: rtc core: registered rtc_cmos as rtc0
[    0.652577] input: AT Translated Set 2 keyboard as /devices/platform/i8042/serio0/input/input2
[    0.655330] rtc_cmos rtc_cmos: alarms up to one day, 114 bytes nvram
[    0.657201] i2c /dev entries driver
[    0.658004] device-mapper: uevent: version 1.0.3
[    0.660158] device-mapper: ioctl: 4.37.0-ioctl (2017-09-20) initialised: dm-devel@redhat.com
[    0.662612] ledtrig-cpu: registered to indicate activity on CPUs
[    0.664617] NET: Registered protocol family 10
[    0.669167] Segment Routing with IPv6
[    0.669947] NET: Registered protocol family 17
[    0.670997] Key type dns_resolver registered
[    0.672509] RAS: Correctable Errors collector initialized.
[    0.673889] sched_clock: Marking stable (672481141, 0)->(958842674, -286361533)
[    0.675851] registered taskstats version 1
[    0.676784] Loading compiled-in X.509 certificates
[    0.679921] Loaded X.509 cert 'Build time autogenerated kernel key: 2ed9c0a78927f1fed24db33f01fd983502d97350'
[    0.682568] zswap: loaded using pool lzo/zbud
[    0.686955] Key type big_key registered
[    0.688272] Key type trusted registered
[    0.691236] Key type encrypted registered
[    0.692303] AppArmor: AppArmor sha1 policy hashing enabled
[    0.693438] ima: No TPM chip found, activating TPM-bypass! (rc=-19)
[    0.694710] ima: Allocated hash algorithm: sha1
[    0.695687] evm: HMAC attrs: 0x1
[    0.696677]   Magic number: 15:113:273
[    0.697617] tty tty10: hash matches
[    0.698619] net lo: hash matches
[    0.699578] rtc_cmos rtc_cmos: setting system clock to 2019-08-19 09:16:48 UTC (1566206208)
[    0.701806] BIOS EDD facility v0.16 2004-Jun-25, 0 devices found
[    0.703038] EDD information not available.
[    0.786512] Freeing unused kernel image memory: 2408K
[    0.796527] Write protecting the kernel read-only data: 20480k
[    0.799585] Freeing unused kernel image memory: 2008K
[    0.802395] Freeing unused kernel image memory: 1868K
[    0.810174] x86/mm: Checked W+X mappings: passed, no W+X pages found.
[    0.812122] x86/mm: Checking user space page tables
[    0.818083] x86/mm: Checked W+X mappings: passed, no W+X pages found.
Loading, please wait...
starting version 237
[    0.880930] Fusion MPT base driver 3.04.20
[    0.881840] Copyright (c) 1999-2008 LSI Corporation
[    0.883217] e1000: Intel(R) PRO/1000 Network Driver - version 7.3.21-k8-NAPI
[    0.885233] e1000: Copyright (c) 1999-2006 Intel Corporation.
[    0.896965] Fusion MPT SPI Host driver 3.04.20
[    0.901416] AVX2 version of gcm_enc/dec engaged.
[    0.902591] AES CTR mode by8 optimization enabled
[    1.093265] input: ImExPS/2 Generic Explorer Mouse as /devices/platform/i8042/serio1/input/input4
[    1.316747] e1000 0000:00:03.0 eth0: (PCI:33MHz:32-bit) 02:8d:8f:70:9f:84
[    1.319746] e1000 0000:00:03.0 eth0: Intel(R) PRO/1000 Network Connection
[    1.325147] e1000 0000:00:03.0 enp0s3: renamed from eth0
[    1.326951] mptbase: ioc0: Initiating bringup
[    1.425028] ioc0: LSI53C1030 A0: Capabilities={Initiator}
[    1.667460] scsi host2: ioc0: LSI53C1030 A0, FwRev=00000000h, Ports=1, MaxQ=256, IRQ=20
[    1.837870] scsi 2:0:0:0: Direct-Access     VBOX     HARDDISK         1.0  PQ: 0 ANSI: 5
[    1.966859] scsi target2:0:0: Beginning Domain Validation
[    1.970173] scsi target2:0:0: Domain Validation skipping write tests
[    1.972596] scsi target2:0:0: Ending Domain Validation
[    1.974093] scsi target2:0:0: asynchronous
[    1.975810] scsi 2:0:1:0: Direct-Access     VBOX     HARDDISK         1.0  PQ: 0 ANSI: 5
[    2.008468] scsi target2:0:1: Beginning Domain Validation
[    2.012932] random: fast init done
[    2.014756] scsi target2:0:1: Domain Validation skipping write tests
[    2.016268] scsi target2:0:1: Ending Domain Validation
[    2.017536] scsi target2:0:1: asynchronous
[    2.022493] random: systemd-udevd: uninitialized urandom read (16 bytes read)
[    2.024487] random: systemd-udevd: uninitialized urandom read (16 bytes read)
[    2.026349] random: systemd-udevd: uninitialized urandom read (16 bytes read)
[    2.028228] sd 2:0:0:0: Attached scsi generic sg0 type 0
[    2.028344] sd 2:0:1:0: Attached scsi generic sg1 type 0
[    2.031255] sd 2:0:1:0: [sdb] 20480 512-byte logical blocks: (10.5 MB/10.0 MiB)
[    2.032952] sd 2:0:0:0: [sda] 20971520 512-byte logical blocks: (10.7 GB/10.0 GiB)
[    2.034703] sd 2:0:1:0: [sdb] Write Protect is off
[    2.036065] sd 2:0:0:0: [sda] Write Protect is off
[    2.037744] sd 2:0:1:0: [sdb] Incomplete mode parameter data
[    2.039720] sd 2:0:1:0: [sdb] Assuming drive cache: write through
[    2.041769] sd 2:0:0:0: [sda] Incomplete mode parameter data
[    2.044222] sd 2:0:0:0: [sda] Assuming drive cache: write through
[    2.048872]  sda: sda1
[    2.049542] sd 2:0:1:0: [sdb] Attached SCSI disk
[    2.052236] sd 2:0:0:0: [sda] Attached SCSI disk
Begin: Loading essential drivers ... [    3.456092] raid6: sse2x1   gen() 11470 MB/s
[    3.504567] raid6: sse2x1   xor()  8102 MB/s
[    3.552080] raid6: sse2x2   gen()  6456 MB/s
[    3.600051] raid6: sse2x2   xor()  8232 MB/s
[    3.648609] raid6: sse2x4   gen() 16379 MB/s
[    3.696263] raid6: sse2x4   xor() 10503 MB/s
[    3.744191] raid6: avx2x1   gen() 23101 MB/s
[    3.792040] raid6: avx2x1   xor() 16135 MB/s
[    3.840171] raid6: avx2x2   gen() 27926 MB/s
[    3.888243] raid6: avx2x2   xor() 17404 MB/s
[    3.936113] raid6: avx2x4   gen() 30580 MB/s
[    3.984421] raid6: avx2x4   xor() 19994 MB/s
[    3.985814] raid6: using algorithm avx2x4 gen() 30580 MB/s
[    3.986892] raid6: .... xor() 19994 MB/s, rmw enabled
[    3.988092] raid6: using avx2x2 recovery algorithm
[    3.990877] xor: automatically using best checksumming function   avx       
[    3.993514] async_tx: api initialized (async)
done.
Begin: Running /scripts/init-premount ... done.
Begin: Mounting root file system ... Begin: Running /scripts/local-top ... done.
Begin: Running /scripts/local-premount ... [    4.036385] Btrfs loaded, crc32c=crc32c-intel
Scanning for Btrfs filesystems
done.
Warning: fsck not present, so skipping root file system
[    4.062941] EXT4-fs (sda1): INFO: recovery required on readonly filesystem
[    4.065489] EXT4-fs (sda1): write access will be enabled during recovery
[    4.202664] EXT4-fs (sda1): recovery complete
[    4.206212] EXT4-fs (sda1): mounted filesystem with ordered data mode. Opts: (null)
done.
Begin: Running /scripts/local-bottom ... done.
Begin: Running /scripts/init-bottom ... done.
[    4.409162] ip_tables: (C) 2000-2006 Netfilter Core Team
[    4.418397] systemd[1]: systemd 237 running in system mode. (+PAM +AUDIT +SELINUX +IMA +APPARMOR +SMACK +SYSVINIT +UTMP +LIBCRYPTSETUP +GCRYPT +GNUTLS +ACL +XZ +LZ4 +SECCOMP +BLKID +ELFUTILS +KMOD -IDN2 +IDN -PCRE2 default-hierarchy=hybrid)
[    4.424366] systemd[1]: Detected virtualization oracle.
[    4.425832] systemd[1]: Detected architecture x86-64.

Welcome to [1mUbuntu 18.04.2 LTS[0m!

[    4.444924] systemd[1]: Set hostname to <ubuntu-bionic>.
[    4.771941] systemd[1]: Created slice User and Session Slice.
[[0;32m  OK  [0m] Created slice User and Session Slice.
[    4.784730] systemd[1]: Reached target System Time Synchronized.
[[0;32m  OK  [0m] Reached target System Time Synchronized.
[    4.788776] systemd[1]: Created slice System Slice.
[[0;32m  OK  [0m] Created slice System Slice.
[    4.791697] systemd[1]: Listening on udev Control Socket.
[[0;32m  OK  [0m] Listening on udev Control Socket.
[    4.793951] systemd[1]: Listening on Network Service Netlink Socket.
[[0;32m  OK  [0m] Listening on Network Service Netlink Socket.
[    4.796297] systemd[1]: Listening on Journal Socket.
[[0;32m  OK  [0m] Listening on Journal Socket.
         Mounting POSIX Message Queue File System...
         Starting Load Kernel Modules...
[[0;32m  OK  [0m] Started Forward Password Requests to Wall Directory Watch.
[[0;32m  OK  [0m] Reached target Swap.
[[0;32m  OK  [0m] Listening on Journal Audit Socket.
[[0;32m  OK  [0m] Created slice system-serial\x2dgetty.slice.
[    4.825595] Loading iSCSI transport class v2.0-870.
[    4.832375] iscsi: registered transport (tcp)
[[0;32m  OK  [0m] Reached target Slices.
         Starting Uncomplicated firewall...
[[0;32m  OK  [0m] Listening on Device-mapper event daemon FIFOs.
[[0;32m  OK  [0m] Listening on udev Kernel Socket.
         Starting udev Coldplug all Devices...
[[0;32m  OK  [0m] Reached target User and Group Name Lookups.
[[0;32m  OK  [0m] Listening on LVM2 poll daemon socket.
         Starting Remount Root and Kernel File Systems...
         Mounting Kernel Debug File System...
[    4.860419] iscsi: registered transport (iser)
[[0;32m  OK  [0m] Listening on /dev/initctl Compatibility Named Pipe.
         Starting Set the console keyboard layout...
[[0;32m  OK  [0m] Listening on LVM2 metadata daemon socket.
         Starting Monitoring of LVM2 mirrorsâ€¦ng dmeventd or progress polling...
         Starting Create list of required stâ€¦ce nodes for the current kernel...
[[0;32m  OK  [0m] Listening on Syslog Socket.
[[0;32m  OK  [0m] Set up automount Arbitrary Executabâ€¦rmats File System Automount Point.
[    4.900598] EXT4-fs (sda1): re-mounted. Opts: (null)
         Mounting Huge Pages File System...
[[0;32m  OK  [0m] Listening on Journal Socket (/dev/log).
         Starting Journal Service...
[[0;32m  OK  [0m] Mounted POSIX Message Queue File System.
[[0;32m  OK  [0m] Started Load Kernel Modules.
[[0;32m  OK  [0m] Started Uncomplicated firewall.
[[0;32m  OK  [0m] Started Remount Root and Kernel File Systems.
[[0;32m  OK  [0m] Mounted Kernel Debug File System.
[[0;32m  OK  [0m] Started Create list of required staâ€¦vice nodes for the current kernel.
[[0;32m  OK  [0m] Started Journal Service.
[[0;32m  OK  [0m] Mounted Huge Pages File System.
[[0;32m  OK  [0m] Started LVM2 metadata daemon.
         Starting Create Static Device Nodes in /dev...
         Starting Flush Journal to Persistent Storage...
         Starting Load/Save Random Seed...
         Mounting FUSE Control File System...
         Mounting Kernel Configuration File System...
         Starting Apply Kernel Variables...
[[0;32m  OK  [0m] Started udev Coldplug all Devices.
[[0;32m  OK  [0m] Started Create Static Device Nodes in /dev.
[[0;32m  OK  [0m] Mounted FUSE Control File System.
[[0;32m  OK  [0m] Mounted Kernel Configuration File System.
[[0;32m  OK  [0m] Started Set the console keyboard layout.
[    5.037218] systemd-journald[411]: Received request to flush runtime journal from PID 1
         Starting udev Kernel Device Manager...
[[0;32m  OK  [0m] Started Load/Save Random Seed.
[[0;32m  OK  [0m] Started Monitoring of LVM2 mirrors,â€¦sing dmeventd or progress polling.
[[0;32m  OK  [0m] Reached target Local File Systems (Pre).
[[0;32m  OK  [0m] Reached target Local File Systems.
         Starting ebtables ruleset management...
         Starting AppArmor initialization...
         Starting Tell Plymouth To Write Out Runtime Data...
         Starting Set console font and keymap...
[[0;32m  OK  [0m] Started udev Kernel Device Manager.
[[0;32m  OK  [0m] Started Dispatch Password Requests to Console Directory Watch.
[[0;32m  OK  [0m] Reached target Local Encrypted Volumes.
[[0;32m  OK  [0m] Started Apply Kernel Variables.
[[0;32m  OK  [0m] Started Tell Plymouth To Write Out Runtime Data.
[[0;32m  OK  [0m] Started Set console font and keymap.
[[0;32m  OK  [0m] Started ebtables ruleset management.
[[0;32m  OK  [0m] Started Flush Journal to Persistent Storage.
         Starting Create Volatile Files and Directories...
[[0;32m  OK  [0m] Started Create Volatile Files and Directories.
         Starting Update UTMP about System Boot/Shutdown...
[[0;32m  OK  [0m] Started Update UTMP about System Boot/Shutdown.
[[0;32m  OK  [0m] Found device /dev/ttyS0.
[[0;32m  OK  [0m] Started AppArmor initialization.
         Starting Initial cloud-init job (pre-networking)...
[[0;32m  OK  [0m] Listening on Load/Save RF Kill Switch Status /dev/rfkill Watch.
[    6.717510] cloud-init[519]: Cloud-init v. 19.1-1-gbaa47854-0ubuntu1~18.04.1 running 'init-local' at Mon, 19 Aug 2019 09:16:54 +0000. Up 6.52 seconds.
[[0;32m  OK  [0m] Started Initial cloud-init job (pre-networking).
[[0;32m  OK  [0m] Reached target Network (Pre).
         Starting Network Service...
[[0;32m  OK  [0m] Started Network Service.
         Starting Wait for Network to be Configured...
         Starting Network Name Resolution...
[[0;32m  OK  [0m] Started Network Name Resolution.
[[0;32m  OK  [0m] Reached target Network.
[[0;32m  OK  [0m] Reached target Host and Network Name Lookups.
[[0;32m  OK  [0m] Started Wait for Network to be Configured.
         Starting Initial cloud-init job (metadata service crawler)...
[    8.963469] cloud-init[647]: Cloud-init v. 19.1-1-gbaa47854-0ubuntu1~18.04.1 running 'init' at Mon, 19 Aug 2019 09:16:56 +0000. Up 8.83 seconds.
[    8.976588] cloud-init[647]: ci-info: ++++++++++++++++++++++++++++++++++++++Net device info++++++++++++++++++++++++++++++++++++++
[    8.978615] cloud-init[647]: ci-info: +--------+------+----------------------------+---------------+--------+-------------------+
[    8.981606] cloud-init[647]: ci-info: | Device |  Up  |          Address           |      Mask     | Scope  |     Hw-Address    |
[    8.984112] cloud-init[647]: ci-info: +--------+------+----------------------------+---------------+--------+-------------------+
[    8.986833] cloud-init[647]: ci-info: | enp0s3 | True |         10.0.2.15          | 255.255.255.0 | global | 02:8d:8f:70:9f:84 |
[    8.989808] cloud-init[647]: ci-info: | enp0s3 | True | fe80::8d:8fff:fe70:9f84/64 |       .       |  link  | 02:8d:8f:70:9f:84 |
[    8.992216] cloud-init[647]: ci-info: |   lo   | True |         127.0.0.1          |   255.0.0.0   |  host  |         .         |
[    8.994265] cloud-init[647]: ci-info: |   lo   | True |          ::1/128           |       .       |  host  |         .         |
[    8.995974] cloud-init[647]: ci-info: +--------+------+----------------------------+---------------+--------+-------------------+
[    8.998188] cloud-init[647]: ci-info: ++++++++++++++++++++++++++++Route IPv4 info+++++++++++++++++++++++++++++
[    9.002116] cloud-init[647]: ci-info: +-------+-------------+----------+-----------------+-----------+-------+
[    9.004568] cloud-init[647]: ci-info: | Route | Destination | Gateway  |     Genmask     | Interface | Flags |
[    9.006930] cloud-init[647]: ci-info: +-------+-------------+----------+-----------------+-----------+-------+
[    9.008045] cloud-init[647]: ci-info: |   0   |   0.0.0.0   | 10.0.2.2 |     0.0.0.0     |   enp0s3  |   UG  |
[    9.020364] cloud-init[647]: ci-info: |   1   |   10.0.2.0  | 0.0.0.0  |  255.255.255.0  |   enp0s3  |   U   |
[    9.023312] cloud-init[647]: ci-info: |   2   |   10.0.2.2  | 0.0.0.0  | 255.255.255.255 |   enp0s3  |   UH  |
[    9.026842] cloud-init[647]: ci-info: +-------+-------------+----------+-----------------+-----------+-------+
[    9.029242] cloud-init[647]: ci-info: +++++++++++++++++++Route IPv6 info+++++++++++++++++++
[    9.030802] cloud-init[647]: ci-info: +-------+-------------+---------+-----------+-------+
[    9.032185] cloud-init[647]: ci-info: | Route | Destination | Gateway | Interface | Flags |
[    9.033693] cloud-init[647]: ci-info: +-------+-------------+---------+-----------+-------+
[    9.035380] cloud-init[647]: ci-info: |   1   |  fe80::/64  |    ::   |   enp0s3  |   U   |
[    9.048734] cloud-init[647]: ci-info: |   3   |    local    |    ::   |   enp0s3  |   U   |
[    9.051594] cloud-init[647]: ci-info: |   4   |   ff00::/8  |    ::   |   enp0s3  |   U   |
[    9.053742] cloud-init[647]: ci-info: +-------+-------------+---------+-----------+-------+
[[0;32m  OK  [0m] Started Initial cloud-init job (metadata service crawler).
[[0;32m  OK  [0m] Reached target Network is Online.
         Starting Availability of block devices...
[[0;32m  OK  [0m] Reached target Remote File Systems (Pre).
[[0;32m  OK  [0m] Reached target Remote File Systems.
[[0;32m  OK  [0m] Reached target Cloud-config availability.
[[0;32m  OK  [0m] Reached target System Initialization.
[[0;32m  OK  [0m] Started Discard unused blocks once a week.
[[0;32m  OK  [0m] Listening on ACPID Listen Socket.
[[0;32m  OK  [0m] Listening on D-Bus System Message Bus Socket.
[[0;32m  OK  [0m] Started Daily Cleanup of Temporary Directories.
[[0;32m  OK  [0m] Started Message of the Day.
[[0;32m  OK  [0m] Listening on UUID daemon activation socket.
         Starting Socket activation for snappy daemon.
[[0;32m  OK  [0m] Started Daily apt upgrade and clean activities.
[[0;32m  OK  [0m] Reached target Timers.
[[0;32m  OK  [0m] Started ACPI Events Check.
[[0;32m  OK  [0m] Reached target Paths.
         Starting LXD - unix socket.
[[0;32m  OK  [0m] Listening on Open-iSCSI iscsid Socket.
[[0;32m  OK  [0m] Started Availability of block devices.
[[0;32m  OK  [0m] Listening on Socket activation for snappy daemon.
[[0;32m  OK  [0m] Listening on LXD - unix socket.
[[0;32m  OK  [0m] Reached target Sockets.
[[0;32m  OK  [0m] Reached target Basic System.
         Starting Accounts Service...
         Starting LSB: automatic crash report generation...
         Starting OpenBSD Secure Shell server...
         Starting LSB: Record successful boot for GRUB...
[[0;32m  OK  [0m] Started irqbalance daemon.
         Starting System Logging Service...
         Starting Snappy daemon...
[[0;32m  OK  [0m] Started Deferred execution scheduler.
         Starting Dispatcher daemon for systemd-networkd...
         Starting Login Service...
[[0;32m  OK  [0m] Started FUSE filesystem for LXC.
         Starting LXD - container startup/shutdown...
         Starting Permit User Sessions...
[[0;32m  OK  [0m] Started D-Bus System Message Bus.
[[0;32m  OK  [0m] Started Login Service.
[[0;32m  OK  [0m] Started Unattended Upgrades Shutdown.
[[0;32m  OK  [0m] Started Regular background program processing daemon.
         Starting Virtualbox guest utils...
[[0;32m  OK  [0m] Started System Logging Service.
[[0;32m  OK  [0m] Started Permit User Sessions.
         Starting Hold until boot process finishes up...
         Starting Terminate Plymouth Boot Screen...
[[0;32m  OK  [0m] Started Hold until boot process finishes up.
[[0;32m  OK  [0m] Started Terminate Plymouth Boot Screen.
         Starting Authorization Manager...
         Starting Set console scheme...
[[0;32m  OK  [0m] Started Serial Getty on ttyS0.
[[0;32m  OK  [0m] Started OpenBSD Secure Shell server.
[[0;32m  OK  [0m] Started Authorization Manager.
[[0;32m  OK  [0m] Started Accounts Service.
[[0;32m  OK  [0m] Started Set console scheme.
[[0;32m  OK  [0m] Created slice system-getty.slice.
[[0;32m  OK  [0m] Started Getty on tty1.
[[0;32m  OK  [0m] Reached target Login Prompts.
[[0;32m  OK  [0m] Started LSB: automatic crash report generation.
[[0;32m  OK  [0m] Started LSB: Record successful boot for GRUB.
[[0;32m  OK  [0m] Started Virtualbox guest utils.
[[0;32m  OK  [0m] Started Dispatcher daemon for systemd-networkd.
[[0;32m  OK  [0m] Started LXD - container startup/shutdown.
[[0;32m  OK  [0m] Started Snappy daemon.
         Starting Wait until snapd is fully seeded...
[[0;32m  OK  [0m] Started Wait until snapd is fully seeded.
         Starting Apply the settings specified in cloud-config...
[[0;32m  OK  [0m] Reached target Multi-User System.
[[0;32m  OK  [0m] Reached target Graphical Interface.
         Starting Update UTMP about System Runlevel Changes...
[[0;32m  OK  [0m] Started Update UTMP about System Runlevel Changes.
[[0;32m  OK  [0m] Created slice User Slice of vagrant.
         Starting User Manager for UID 1000...
[[0;32m  OK  [0m] Started Session 1 of user vagrant.
[[0;32m  OK  [0m] Started User Manager for UID 1000.
[   11.900373] cloud-init[1128]: Cloud-init v. 19.1-1-gbaa47854-0ubuntu1~18.04.1 running 'modules:config' at Mon, 19 Aug 2019 09:16:59 +0000. Up 11.78 seconds.
[[0;32m  OK  [0m] Started Apply the settings specified in cloud-config.
         Starting Execute cloud user/final scripts...
[   12.643146] cloud-init[1224]: Cloud-init v. 19.1-1-gbaa47854-0ubuntu1~18.04.1 running 'modules:final' at Mon, 19 Aug 2019 09:17:00 +0000. Up 12.41 seconds.
[   12.646366] cloud-init[1224]: Cloud-init v. 19.1-1-gbaa47854-0ubuntu1~18.04.1 finished at Mon, 19 Aug 2019 09:17:00 +0000. Datasource DataSourceNoCloud [seed=/dev/sdb][dsmode=net].  Up 12.63 seconds
[[0;32m  OK  [0m] Started Execute cloud user/final scripts.
[[0;32m  OK  [0m] Reached target Cloud-init target.

Ubuntu 18.04.2 LTS ubuntu-bionic ttyS0

ubuntu-bionic login: 